// Vitest Snapshot v1, https://vitest.dev/guide/snapshot.html

exports[`n-list > should work with \`size\` prop 1`] = `"--n-font-size: 14px; --n-bezier: cubic-bezier(.4, 0, .2, 1); --n-text-color: rgb(51, 54, 57); --n-color: #fff; --n-border-radius: 3px; --n-border-color: rgb(239, 239, 245); --n-border-color-modal: rgba(239, 239, 245, 1); --n-border-color-popover: rgba(239, 239, 245, 1); --n-color-modal: #fff; --n-color-popover: #fff; --n-color-hover: rgb(243, 243, 245); --n-color-hover-modal: rgba(243, 243, 245, 1); --n-color-hover-popover: rgba(243, 243, 245, 1);"`;

exports[`n-list > should work with \`size\` prop 2`] = `"--n-font-size: 14px; --n-bezier: cubic-bezier(.4, 0, .2, 1); --n-text-color: rgb(51, 54, 57); --n-color: #fff; --n-border-radius: 3px; --n-border-color: rgb(239, 239, 245); --n-border-color-modal: rgba(239, 239, 245, 1); --n-border-color-popover: rgba(239, 239, 245, 1); --n-color-modal: #fff; --n-color-popover: #fff; --n-color-hover: rgb(243, 243, 245); --n-color-hover-modal: rgba(243, 243, 245, 1); --n-color-hover-popover: rgba(243, 243, 245, 1);"`;

exports[`n-list > should work with \`size\` prop 3`] = `"--n-font-size: 14px; --n-bezier: cubic-bezier(.4, 0, .2, 1); --n-text-color: rgb(51, 54, 57); --n-color: #fff; --n-border-radius: 3px; --n-border-color: rgb(239, 239, 245); --n-border-color-modal: rgba(239, 239, 245, 1); --n-border-color-popover: rgba(239, 239, 245, 1); --n-color-modal: #fff; --n-color-popover: #fff; --n-color-hover: rgb(243, 243, 245); --n-color-hover-modal: rgba(243, 243, 245, 1); --n-color-hover-popover: rgba(243, 243, 245, 1);"`;
