// Jest Snapshot v1, https://goo.gl/fbAQLP

exports[`n-table should work with \`size\` prop 1`] = `"--bezier: cubic-bezier(.4, 0, .2, 1); --td-color: #fff; --td-color-modal: #fff; --td-color-popover: #fff; --td-text-color: rgb(51, 54, 57); --border-color: rgba(239, 239, 245, 1); --border-color-modal: rgba(239, 239, 245, 1); --border-color-popover: rgba(239, 239, 245, 1); --border-radius: 3px; --font-size: 14px; --th-color: rgba(250, 250, 252, 1); --th-color-modal: rgba(250, 250, 252, 1); --th-color-popover: rgba(250, 250, 252, 1); --th-font-weight: 500; --th-text-color: rgb(31, 34, 37); --line-height: 1.6; --td-padding: 6px; --th-padding: 6px; --td-color-striped: rgba(250, 250, 252, 1); --td-color-striped-modal: rgba(250, 250, 252, 1); --td-color-striped-popover: rgba(250, 250, 252, 1);"`;

exports[`n-table should work with \`size\` prop 2`] = `"--bezier: cubic-bezier(.4, 0, .2, 1); --td-color: #fff; --td-color-modal: #fff; --td-color-popover: #fff; --td-text-color: rgb(51, 54, 57); --border-color: rgba(239, 239, 245, 1); --border-color-modal: rgba(239, 239, 245, 1); --border-color-popover: rgba(239, 239, 245, 1); --border-radius: 3px; --font-size: 14px; --th-color: rgba(250, 250, 252, 1); --th-color-modal: rgba(250, 250, 252, 1); --th-color-popover: rgba(250, 250, 252, 1); --th-font-weight: 500; --th-text-color: rgb(31, 34, 37); --line-height: 1.6; --td-padding: 12px; --th-padding: 12px; --td-color-striped: rgba(250, 250, 252, 1); --td-color-striped-modal: rgba(250, 250, 252, 1); --td-color-striped-popover: rgba(250, 250, 252, 1);"`;

exports[`n-table should work with \`size\` prop 3`] = `"--bezier: cubic-bezier(.4, 0, .2, 1); --td-color: #fff; --td-color-modal: #fff; --td-color-popover: #fff; --td-text-color: rgb(51, 54, 57); --border-color: rgba(239, 239, 245, 1); --border-color-modal: rgba(239, 239, 245, 1); --border-color-popover: rgba(239, 239, 245, 1); --border-radius: 3px; --font-size: 15px; --th-color: rgba(250, 250, 252, 1); --th-color-modal: rgba(250, 250, 252, 1); --th-color-popover: rgba(250, 250, 252, 1); --th-font-weight: 500; --th-text-color: rgb(31, 34, 37); --line-height: 1.6; --td-padding: 12px; --th-padding: 12px; --td-color-striped: rgba(250, 250, 252, 1); --td-color-striped-modal: rgba(250, 250, 252, 1); --td-color-striped-popover: rgba(250, 250, 252, 1);"`;
