// Jest Snapshot v1, https://goo.gl/fbAQLP

exports[`n-rate should work with \`size\` prop 1`] = `"--bezier: cubic-bezier(.4, 0, .2, 1); --item-color: rgb(219, 219, 223); --item-color-active: #FFCC33; --item-size: 16px;"`;

exports[`n-rate should work with \`size\` prop 2`] = `"--bezier: cubic-bezier(.4, 0, .2, 1); --item-color: rgb(219, 219, 223); --item-color-active: #FFCC33; --item-size: 20px;"`;

exports[`n-rate should work with \`size\` prop 3`] = `"--bezier: cubic-bezier(.4, 0, .2, 1); --item-color: rgb(219, 219, 223); --item-color-active: #FFCC33; --item-size: 24px;"`;
