// Jest Snapshot v1, https://goo.gl/fbAQLP

exports[`n-switch should work with \`size\` prop 1`] = `"--n-bezier: cubic-bezier(.4, 0, .2, 1); --n-button-border-radius: 3px; --n-button-box-shadow: 0 1px 4px 0 rgba(0, 0, 0, 0.3), inset 0 0 1px 0 rgba(0, 0, 0, 0.05); --n-button-color: #FFF; --n-button-width: 14px; --n-button-width-pressed: 20px; --n-button-height: 14px; --n-height: max(18px, 14px); --n-offset: calc((18px - 14px) / 2); --n-opacity-disabled: 0.5; --n-rail-border-radius: 3px; --n-rail-color: rgba(0, 0, 0, .14); --n-rail-color-active: #18a058; --n-rail-height: 18px; --n-rail-width: 32px; --n-width: max(32px, calc(32px + 14px - 18px)); --n-box-shadow-focus: 0 0 0 2px rgba(24, 160, 88, 0.2); --n-loading-color: #18a058; --n-text-color: white; --n-icon-color: rgb(118, 124, 130);"`;

exports[`n-switch should work with \`size\` prop 2`] = `"--n-bezier: cubic-bezier(.4, 0, .2, 1); --n-button-border-radius: 3px; --n-button-box-shadow: 0 1px 4px 0 rgba(0, 0, 0, 0.3), inset 0 0 1px 0 rgba(0, 0, 0, 0.05); --n-button-color: #FFF; --n-button-width: 18px; --n-button-width-pressed: 24px; --n-button-height: 18px; --n-height: max(22px, 18px); --n-offset: calc((22px - 18px) / 2); --n-opacity-disabled: 0.5; --n-rail-border-radius: 3px; --n-rail-color: rgba(0, 0, 0, .14); --n-rail-color-active: #18a058; --n-rail-height: 22px; --n-rail-width: 40px; --n-width: max(40px, calc(40px + 18px - 22px)); --n-box-shadow-focus: 0 0 0 2px rgba(24, 160, 88, 0.2); --n-loading-color: #18a058; --n-text-color: white; --n-icon-color: rgb(118, 124, 130);"`;

exports[`n-switch should work with \`size\` prop 3`] = `"--n-bezier: cubic-bezier(.4, 0, .2, 1); --n-button-border-radius: 3px; --n-button-box-shadow: 0 1px 4px 0 rgba(0, 0, 0, 0.3), inset 0 0 1px 0 rgba(0, 0, 0, 0.05); --n-button-color: #FFF; --n-button-width: 22px; --n-button-width-pressed: 28px; --n-button-height: 22px; --n-height: max(26px, 22px); --n-offset: calc((26px - 22px) / 2); --n-opacity-disabled: 0.5; --n-rail-border-radius: 3px; --n-rail-color: rgba(0, 0, 0, .14); --n-rail-color-active: #18a058; --n-rail-height: 26px; --n-rail-width: 48px; --n-width: max(48px, calc(48px + 22px - 26px)); --n-box-shadow-focus: 0 0 0 2px rgba(24, 160, 88, 0.2); --n-loading-color: #18a058; --n-text-color: white; --n-icon-color: rgb(118, 124, 130);"`;
