// Vitest Snapshot v1, https://vitest.dev/guide/snapshot.html

exports[`n-checkbox-button > should show correct style with \`NForm\` component 1`] = `"--n-bezier: cubic-bezier(.4, 0, .2, 1); --n-button-color: #FFF; --n-button-color-active: #0000; --n-button-text-color: rgb(51, 54, 57); --n-button-text-color-active: #18a058; --n-button-text-color-hover: #18a058; --n-button-border-color: rgb(224, 224, 230); --n-button-border-color-active: #18a058; --n-button-box-shadow: inset 0 0 0 1px #0000; --n-button-box-shadow-hover: inset 0 0 0 1px #0000; --n-button-box-shadow-focus: 0 0 0 2px rgba(24, 160, 88, 0.3); --n-button-border-radius: 2px; --n-button-height: 34px; --n-font-size: 14px; --n-opacity-disabled: 0.5;"`;

exports[`n-checkbox-button > should work with \`size\` prop 1`] = `"--n-bezier: cubic-bezier(.4, 0, .2, 1); --n-button-color: #FFF; --n-button-color-active: #0000; --n-button-text-color: rgb(51, 54, 57); --n-button-text-color-active: #18a058; --n-button-text-color-hover: #18a058; --n-button-border-color: rgb(224, 224, 230); --n-button-border-color-active: #18a058; --n-button-box-shadow: inset 0 0 0 1px #0000; --n-button-box-shadow-hover: inset 0 0 0 1px #0000; --n-button-box-shadow-focus: 0 0 0 2px rgba(24, 160, 88, 0.3); --n-button-border-radius: 2px; --n-button-height: 28px; --n-font-size: 14px; --n-opacity-disabled: 0.5;"`;

exports[`n-checkbox-button > should work with \`size\` prop 2`] = `"--n-bezier: cubic-bezier(.4, 0, .2, 1); --n-button-color: #FFF; --n-button-color-active: #0000; --n-button-text-color: rgb(51, 54, 57); --n-button-text-color-active: #18a058; --n-button-text-color-hover: #18a058; --n-button-border-color: rgb(224, 224, 230); --n-button-border-color-active: #18a058; --n-button-box-shadow: inset 0 0 0 1px #0000; --n-button-box-shadow-hover: inset 0 0 0 1px #0000; --n-button-box-shadow-focus: 0 0 0 2px rgba(24, 160, 88, 0.3); --n-button-border-radius: 2px; --n-button-height: 34px; --n-font-size: 14px; --n-opacity-disabled: 0.5;"`;

exports[`n-checkbox-button > should work with \`size\` prop 3`] = `"--n-bezier: cubic-bezier(.4, 0, .2, 1); --n-button-color: #FFF; --n-button-color-active: #0000; --n-button-text-color: rgb(51, 54, 57); --n-button-text-color-active: #18a058; --n-button-text-color-hover: #18a058; --n-button-border-color: rgb(224, 224, 230); --n-button-border-color-active: #18a058; --n-button-box-shadow: inset 0 0 0 1px #0000; --n-button-box-shadow-hover: inset 0 0 0 1px #0000; --n-button-box-shadow-focus: 0 0 0 2px rgba(24, 160, 88, 0.3); --n-button-border-radius: 2px; --n-button-height: 40px; --n-font-size: 15px; --n-opacity-disabled: 0.5;"`;

exports[`n-checkbox-button in n-checkbox-group (button group mode) > should inherit \`size\` from group 1`] = `"--n-bezier: cubic-bezier(.4, 0, .2, 1); --n-button-color: #FFF; --n-button-color-active: #0000; --n-button-text-color: rgb(51, 54, 57); --n-button-text-color-active: #18a058; --n-button-text-color-hover: #18a058; --n-button-border-color: rgb(224, 224, 230); --n-button-border-color-active: #18a058; --n-button-box-shadow: inset 0 0 0 1px #0000; --n-button-box-shadow-hover: inset 0 0 0 1px #0000; --n-button-box-shadow-focus: 0 0 0 2px rgba(24, 160, 88, 0.3); --n-button-border-radius: 2px; --n-button-height: 28px; --n-font-size: 14px; --n-opacity-disabled: 0.5;"`;
