// Jest Snapshot v1, https://goo.gl/fbAQLP

exports[`n-gradient-text should work with \`gradient\` prop 1`] = `"--bezier: cubic-bezier(.4, 0, .2, 1); --rotate: 252deg; --color-start: rgba(24, 160, 88, 0.6); --color-end: #18a058; --font-weight: 500;"`;

exports[`n-gradient-text should work with \`gradient\` prop 2`] = `"--bezier: cubic-bezier(.4, 0, .2, 1); --rotate: 252deg; --color-start: rgba(24, 160, 88, 0.6); --color-end: #18a058; --font-weight: 500;"`;
