// Jest Snapshot v1, https://goo.gl/fbAQLP

exports[`n-alert should work with type prop 1`] = `"--n-bezier: cubic-bezier(.4, 0, .2, 1); --n-color: rgba(237, 245, 254, 1); --n-close-color: rgba(122, 122, 122, 1); --n-close-color-hover: rgba(89, 89, 89, 1); --n-close-color-pressed: rgba(149, 149, 149, 1); --n-icon-color: #2080f0; --n-border: 1px solid rgba(199, 223, 251, 1); --n-title-text-color: rgb(31, 34, 37); --n-content-text-color: rgb(51, 54, 57); --n-line-height: 1.6; --n-border-radius: 3px; --n-font-size: 14px; --n-title-font-weight: 500; --n-icon-size: 26px; --n-icon-margin: 12px 8px 0 12px; --n-close-size: 16px; --n-close-margin: 14px 16px 0 0; --n-padding: 15px; --n-icon-margin-left: 12px; --n-icon-margin-right: 8px;"`;

exports[`n-alert should work with type prop 2`] = `"--n-bezier: cubic-bezier(.4, 0, .2, 1); --n-color: rgba(237, 247, 242, 1); --n-close-color: rgba(122, 122, 122, 1); --n-close-color-hover: rgba(89, 89, 89, 1); --n-close-color-pressed: rgba(149, 149, 149, 1); --n-icon-color: #18a058; --n-border: 1px solid rgba(197, 231, 213, 1); --n-title-text-color: rgb(31, 34, 37); --n-content-text-color: rgb(51, 54, 57); --n-line-height: 1.6; --n-border-radius: 3px; --n-font-size: 14px; --n-title-font-weight: 500; --n-icon-size: 26px; --n-icon-margin: 12px 8px 0 12px; --n-close-size: 16px; --n-close-margin: 14px 16px 0 0; --n-padding: 15px; --n-icon-margin-left: 12px; --n-icon-margin-right: 8px;"`;

exports[`n-alert should work with type prop 3`] = `"--n-bezier: cubic-bezier(.4, 0, .2, 1); --n-color: rgba(254, 247, 237, 1); --n-close-color: rgba(122, 122, 122, 1); --n-close-color-hover: rgba(89, 89, 89, 1); --n-close-color-pressed: rgba(149, 149, 149, 1); --n-icon-color: #f0a020; --n-border: 1px solid rgba(250, 224, 181, 1); --n-title-text-color: rgb(31, 34, 37); --n-content-text-color: rgb(51, 54, 57); --n-line-height: 1.6; --n-border-radius: 3px; --n-font-size: 14px; --n-title-font-weight: 500; --n-icon-size: 26px; --n-icon-margin: 12px 8px 0 12px; --n-close-size: 16px; --n-close-margin: 14px 16px 0 0; --n-padding: 15px; --n-icon-margin-left: 12px; --n-icon-margin-right: 8px;"`;

exports[`n-alert should work with type prop 4`] = `"--n-bezier: cubic-bezier(.4, 0, .2, 1); --n-color: rgba(251, 238, 241, 1); --n-close-color: rgba(122, 122, 122, 1); --n-close-color-hover: rgba(89, 89, 89, 1); --n-close-color-pressed: rgba(149, 149, 149, 1); --n-icon-color: #d03050; --n-border: 1px solid rgba(243, 203, 211, 1); --n-title-text-color: rgb(31, 34, 37); --n-content-text-color: rgb(51, 54, 57); --n-line-height: 1.6; --n-border-radius: 3px; --n-font-size: 14px; --n-title-font-weight: 500; --n-icon-size: 26px; --n-icon-margin: 12px 8px 0 12px; --n-close-size: 16px; --n-close-margin: 14px 16px 0 0; --n-padding: 15px; --n-icon-margin-left: 12px; --n-icon-margin-right: 8px;"`;
