// Jest Snapshot v1, https://goo.gl/fbAQLP

exports[`n-alert should work with type prop 1`] = `"--bezier: cubic-bezier(.4, 0, .2, 1); --color: rgba(237, 245, 254, 1); --close-color: rgba(122, 122, 122, 1); --close-color-hover: rgba(89, 89, 89, 1); --close-color-pressed: rgba(149, 149, 149, 1); --icon-color: #2080f0; --border: 1px solid rgba(199, 223, 251, 1); --title-text-color: rgb(31, 34, 37); --content-text-color: rgb(51, 54, 57); --line-height: 1.6; --border-radius: 3px; --font-size: 14px; --title-font-weight: 500; --icon-size: 26px; --icon-margin: 12px 8px 0 12px; --close-size: 16px; --close-margin: 14px 16px 0 0; --padding: 15px; --icon-margin-left: 12px; --icon-margin-right: 8px;"`;

exports[`n-alert should work with type prop 2`] = `"--bezier: cubic-bezier(.4, 0, .2, 1); --color: rgba(237, 247, 242, 1); --close-color: rgba(122, 122, 122, 1); --close-color-hover: rgba(89, 89, 89, 1); --close-color-pressed: rgba(149, 149, 149, 1); --icon-color: #18a058; --border: 1px solid rgba(197, 231, 213, 1); --title-text-color: rgb(31, 34, 37); --content-text-color: rgb(51, 54, 57); --line-height: 1.6; --border-radius: 3px; --font-size: 14px; --title-font-weight: 500; --icon-size: 26px; --icon-margin: 12px 8px 0 12px; --close-size: 16px; --close-margin: 14px 16px 0 0; --padding: 15px; --icon-margin-left: 12px; --icon-margin-right: 8px;"`;

exports[`n-alert should work with type prop 3`] = `"--bezier: cubic-bezier(.4, 0, .2, 1); --color: rgba(254, 247, 237, 1); --close-color: rgba(122, 122, 122, 1); --close-color-hover: rgba(89, 89, 89, 1); --close-color-pressed: rgba(149, 149, 149, 1); --icon-color: #f0a020; --border: 1px solid rgba(250, 224, 181, 1); --title-text-color: rgb(31, 34, 37); --content-text-color: rgb(51, 54, 57); --line-height: 1.6; --border-radius: 3px; --font-size: 14px; --title-font-weight: 500; --icon-size: 26px; --icon-margin: 12px 8px 0 12px; --close-size: 16px; --close-margin: 14px 16px 0 0; --padding: 15px; --icon-margin-left: 12px; --icon-margin-right: 8px;"`;

exports[`n-alert should work with type prop 4`] = `"--bezier: cubic-bezier(.4, 0, .2, 1); --color: rgba(251, 238, 241, 1); --close-color: rgba(122, 122, 122, 1); --close-color-hover: rgba(89, 89, 89, 1); --close-color-pressed: rgba(149, 149, 149, 1); --icon-color: #d03050; --border: 1px solid rgba(243, 203, 211, 1); --title-text-color: rgb(31, 34, 37); --content-text-color: rgb(51, 54, 57); --line-height: 1.6; --border-radius: 3px; --font-size: 14px; --title-font-weight: 500; --icon-size: 26px; --icon-margin: 12px 8px 0 12px; --close-size: 16px; --close-margin: 14px 16px 0 0; --padding: 15px; --icon-margin-left: 12px; --icon-margin-right: 8px;"`;
