// Jest Snapshot v1, https://goo.gl/fbAQLP

exports[`n-tag should work with \`size\` prop 1`] = `"--n-avatar-size-override: calc(28px - 8px); --n-bezier: cubic-bezier(.4, 0, .2, 1); --n-border-radius: 2px; --n-border: 1px solid rgb(224, 224, 230); --n-close-color: rgba(122, 122, 122, 1); --n-close-color-hover: rgba(89, 89, 89, 1); --n-close-color-pressed: rgba(149, 149, 149, 1); --n-close-color-disabled: rgba(122, 122, 122, 1); --n-close-margin: 0 0 0 3px; --n-close-margin-rtl: 0 3px 0 0; --n-close-size: 14px; --n-color: rgb(250, 250, 252); --n-color-checkable: #0000; --n-color-checked: #18a058; --n-color-checked-hover: #36ad6a; --n-color-checked-pressed: #0c7a43; --n-color-hover-checkable: #0000; --n-color-pressed-checkable: #0000; --n-font-size: 14px; --n-height: 28px; --n-opacity-disabled: 0.5; --n-padding: 0 7px; --n-text-color: rgb(51, 54, 57); --n-text-color-checkable: rgb(51, 54, 57); --n-text-color-checked: #FFF; --n-text-color-hover-checkable: #36ad6a; --n-text-color-pressed-checkable: #0c7a43;"`;

exports[`n-tag should work with \`size\` prop 2`] = `"--n-avatar-size-override: calc(28px - 8px); --n-bezier: cubic-bezier(.4, 0, .2, 1); --n-border-radius: 2px; --n-border: 1px solid rgb(224, 224, 230); --n-close-color: rgba(122, 122, 122, 1); --n-close-color-hover: rgba(89, 89, 89, 1); --n-close-color-pressed: rgba(149, 149, 149, 1); --n-close-color-disabled: rgba(122, 122, 122, 1); --n-close-margin: 0 0 0 3px; --n-close-margin-rtl: 0 3px 0 0; --n-close-size: 14px; --n-color: rgb(250, 250, 252); --n-color-checkable: #0000; --n-color-checked: #18a058; --n-color-checked-hover: #36ad6a; --n-color-checked-pressed: #0c7a43; --n-color-hover-checkable: #0000; --n-color-pressed-checkable: #0000; --n-font-size: 14px; --n-height: 28px; --n-opacity-disabled: 0.5; --n-padding: 0 7px; --n-text-color: rgb(51, 54, 57); --n-text-color-checkable: rgb(51, 54, 57); --n-text-color-checked: #FFF; --n-text-color-hover-checkable: #36ad6a; --n-text-color-pressed-checkable: #0c7a43;"`;

exports[`n-tag should work with \`size\` prop 3`] = `"--n-avatar-size-override: calc(28px - 8px); --n-bezier: cubic-bezier(.4, 0, .2, 1); --n-border-radius: 2px; --n-border: 1px solid rgb(224, 224, 230); --n-close-color: rgba(122, 122, 122, 1); --n-close-color-hover: rgba(89, 89, 89, 1); --n-close-color-pressed: rgba(149, 149, 149, 1); --n-close-color-disabled: rgba(122, 122, 122, 1); --n-close-margin: 0 0 0 3px; --n-close-margin-rtl: 0 3px 0 0; --n-close-size: 14px; --n-color: rgb(250, 250, 252); --n-color-checkable: #0000; --n-color-checked: #18a058; --n-color-checked-hover: #36ad6a; --n-color-checked-pressed: #0c7a43; --n-color-hover-checkable: #0000; --n-color-pressed-checkable: #0000; --n-font-size: 14px; --n-height: 28px; --n-opacity-disabled: 0.5; --n-padding: 0 7px; --n-text-color: rgb(51, 54, 57); --n-text-color-checkable: rgb(51, 54, 57); --n-text-color-checked: #FFF; --n-text-color-hover-checkable: #36ad6a; --n-text-color-pressed-checkable: #0c7a43;"`;

exports[`n-tag should work with \`type\` prop 1`] = `"--n-avatar-size-override: calc(28px - 8px); --n-bezier: cubic-bezier(.4, 0, .2, 1); --n-border-radius: 2px; --n-border: 1px solid rgb(224, 224, 230); --n-close-color: rgba(122, 122, 122, 1); --n-close-color-hover: rgba(89, 89, 89, 1); --n-close-color-pressed: rgba(149, 149, 149, 1); --n-close-color-disabled: rgba(122, 122, 122, 1); --n-close-margin: 0 0 0 3px; --n-close-margin-rtl: 0 3px 0 0; --n-close-size: 14px; --n-color: rgb(250, 250, 252); --n-color-checkable: #0000; --n-color-checked: #18a058; --n-color-checked-hover: #36ad6a; --n-color-checked-pressed: #0c7a43; --n-color-hover-checkable: #0000; --n-color-pressed-checkable: #0000; --n-font-size: 14px; --n-height: 28px; --n-opacity-disabled: 0.5; --n-padding: 0 7px; --n-text-color: rgb(51, 54, 57); --n-text-color-checkable: rgb(51, 54, 57); --n-text-color-checked: #FFF; --n-text-color-hover-checkable: #36ad6a; --n-text-color-pressed-checkable: #0c7a43;"`;

exports[`n-tag should work with \`type\` prop 2`] = `"--n-avatar-size-override: calc(28px - 8px); --n-bezier: cubic-bezier(.4, 0, .2, 1); --n-border-radius: 2px; --n-border: 1px solid rgb(224, 224, 230); --n-close-color: rgba(122, 122, 122, 1); --n-close-color-hover: rgba(89, 89, 89, 1); --n-close-color-pressed: rgba(149, 149, 149, 1); --n-close-color-disabled: rgba(122, 122, 122, 1); --n-close-margin: 0 0 0 3px; --n-close-margin-rtl: 0 3px 0 0; --n-close-size: 14px; --n-color: rgb(250, 250, 252); --n-color-checkable: #0000; --n-color-checked: #18a058; --n-color-checked-hover: #36ad6a; --n-color-checked-pressed: #0c7a43; --n-color-hover-checkable: #0000; --n-color-pressed-checkable: #0000; --n-font-size: 14px; --n-height: 28px; --n-opacity-disabled: 0.5; --n-padding: 0 7px; --n-text-color: rgb(51, 54, 57); --n-text-color-checkable: rgb(51, 54, 57); --n-text-color-checked: #FFF; --n-text-color-hover-checkable: #36ad6a; --n-text-color-pressed-checkable: #0c7a43;"`;

exports[`n-tag should work with \`type\` prop 3`] = `"--n-avatar-size-override: calc(28px - 8px); --n-bezier: cubic-bezier(.4, 0, .2, 1); --n-border-radius: 2px; --n-border: 1px solid rgb(224, 224, 230); --n-close-color: rgba(122, 122, 122, 1); --n-close-color-hover: rgba(89, 89, 89, 1); --n-close-color-pressed: rgba(149, 149, 149, 1); --n-close-color-disabled: rgba(122, 122, 122, 1); --n-close-margin: 0 0 0 3px; --n-close-margin-rtl: 0 3px 0 0; --n-close-size: 14px; --n-color: rgb(250, 250, 252); --n-color-checkable: #0000; --n-color-checked: #18a058; --n-color-checked-hover: #36ad6a; --n-color-checked-pressed: #0c7a43; --n-color-hover-checkable: #0000; --n-color-pressed-checkable: #0000; --n-font-size: 14px; --n-height: 28px; --n-opacity-disabled: 0.5; --n-padding: 0 7px; --n-text-color: rgb(51, 54, 57); --n-text-color-checkable: rgb(51, 54, 57); --n-text-color-checked: #FFF; --n-text-color-hover-checkable: #36ad6a; --n-text-color-pressed-checkable: #0c7a43;"`;

exports[`n-tag should work with \`type\` prop 4`] = `"--n-avatar-size-override: calc(28px - 8px); --n-bezier: cubic-bezier(.4, 0, .2, 1); --n-border-radius: 2px; --n-border: 1px solid rgb(224, 224, 230); --n-close-color: rgba(122, 122, 122, 1); --n-close-color-hover: rgba(89, 89, 89, 1); --n-close-color-pressed: rgba(149, 149, 149, 1); --n-close-color-disabled: rgba(122, 122, 122, 1); --n-close-margin: 0 0 0 3px; --n-close-margin-rtl: 0 3px 0 0; --n-close-size: 14px; --n-color: rgb(250, 250, 252); --n-color-checkable: #0000; --n-color-checked: #18a058; --n-color-checked-hover: #36ad6a; --n-color-checked-pressed: #0c7a43; --n-color-hover-checkable: #0000; --n-color-pressed-checkable: #0000; --n-font-size: 14px; --n-height: 28px; --n-opacity-disabled: 0.5; --n-padding: 0 7px; --n-text-color: rgb(51, 54, 57); --n-text-color-checkable: rgb(51, 54, 57); --n-text-color-checked: #FFF; --n-text-color-hover-checkable: #36ad6a; --n-text-color-pressed-checkable: #0c7a43;"`;

exports[`n-tag should work with \`type\` prop 5`] = `"--n-avatar-size-override: calc(28px - 8px); --n-bezier: cubic-bezier(.4, 0, .2, 1); --n-border-radius: 2px; --n-border: 1px solid rgb(224, 224, 230); --n-close-color: rgba(122, 122, 122, 1); --n-close-color-hover: rgba(89, 89, 89, 1); --n-close-color-pressed: rgba(149, 149, 149, 1); --n-close-color-disabled: rgba(122, 122, 122, 1); --n-close-margin: 0 0 0 3px; --n-close-margin-rtl: 0 3px 0 0; --n-close-size: 14px; --n-color: rgb(250, 250, 252); --n-color-checkable: #0000; --n-color-checked: #18a058; --n-color-checked-hover: #36ad6a; --n-color-checked-pressed: #0c7a43; --n-color-hover-checkable: #0000; --n-color-pressed-checkable: #0000; --n-font-size: 14px; --n-height: 28px; --n-opacity-disabled: 0.5; --n-padding: 0 7px; --n-text-color: rgb(51, 54, 57); --n-text-color-checkable: rgb(51, 54, 57); --n-text-color-checked: #FFF; --n-text-color-hover-checkable: #36ad6a; --n-text-color-pressed-checkable: #0c7a43;"`;

exports[`n-tag should work with default slot 1`] = `"<span class=\\"n-tag__content\\">default</span>"`;
