// Jest Snapshot v1, https://goo.gl/fbAQLP

exports[`n-tag should work with \`size\` prop 1`] = `"--avatar-size-override: calc(28px - 8px); --bezier: cubic-bezier(.4, 0, .2, 1); --border-radius: 2px; --border: 1px solid rgb(224, 224, 230); --close-color: rgba(122, 122, 122, 1); --close-color-hover: rgba(89, 89, 89, 1); --close-color-pressed: rgba(149, 149, 149, 1); --close-margin: 0 0 0 3px; --close-margin-rtl: 0 3px 0 0; --close-size: 14px; --color: rgb(250, 250, 252); --color-checkable: #0000; --color-checked: #18a058; --color-checked-hover: #36ad6a; --color-checked-pressed: #0c7a43; --color-hover-checkable: #0000; --color-pressed-checkable: #0000; --font-size: 14px; --height: 28px; --opacity-disabled: 0.5; --padding: 0 7px; --text-color: rgb(51, 54, 57); --text-color-checkable: rgb(51, 54, 57); --text-color-checked: #FFF; --text-color-hover-checkable: #36ad6a; --text-color-pressed-checkable: #0c7a43;"`;

exports[`n-tag should work with \`size\` prop 2`] = `"--avatar-size-override: calc(28px - 8px); --bezier: cubic-bezier(.4, 0, .2, 1); --border-radius: 2px; --border: 1px solid rgb(224, 224, 230); --close-color: rgba(122, 122, 122, 1); --close-color-hover: rgba(89, 89, 89, 1); --close-color-pressed: rgba(149, 149, 149, 1); --close-margin: 0 0 0 3px; --close-margin-rtl: 0 3px 0 0; --close-size: 14px; --color: rgb(250, 250, 252); --color-checkable: #0000; --color-checked: #18a058; --color-checked-hover: #36ad6a; --color-checked-pressed: #0c7a43; --color-hover-checkable: #0000; --color-pressed-checkable: #0000; --font-size: 14px; --height: 28px; --opacity-disabled: 0.5; --padding: 0 7px; --text-color: rgb(51, 54, 57); --text-color-checkable: rgb(51, 54, 57); --text-color-checked: #FFF; --text-color-hover-checkable: #36ad6a; --text-color-pressed-checkable: #0c7a43;"`;

exports[`n-tag should work with \`size\` prop 3`] = `"--avatar-size-override: calc(28px - 8px); --bezier: cubic-bezier(.4, 0, .2, 1); --border-radius: 2px; --border: 1px solid rgb(224, 224, 230); --close-color: rgba(122, 122, 122, 1); --close-color-hover: rgba(89, 89, 89, 1); --close-color-pressed: rgba(149, 149, 149, 1); --close-margin: 0 0 0 3px; --close-margin-rtl: 0 3px 0 0; --close-size: 14px; --color: rgb(250, 250, 252); --color-checkable: #0000; --color-checked: #18a058; --color-checked-hover: #36ad6a; --color-checked-pressed: #0c7a43; --color-hover-checkable: #0000; --color-pressed-checkable: #0000; --font-size: 14px; --height: 28px; --opacity-disabled: 0.5; --padding: 0 7px; --text-color: rgb(51, 54, 57); --text-color-checkable: rgb(51, 54, 57); --text-color-checked: #FFF; --text-color-hover-checkable: #36ad6a; --text-color-pressed-checkable: #0c7a43;"`;

exports[`n-tag should work with \`type\` prop 1`] = `"--avatar-size-override: calc(28px - 8px); --bezier: cubic-bezier(.4, 0, .2, 1); --border-radius: 2px; --border: 1px solid rgb(224, 224, 230); --close-color: rgba(122, 122, 122, 1); --close-color-hover: rgba(89, 89, 89, 1); --close-color-pressed: rgba(149, 149, 149, 1); --close-margin: 0 0 0 3px; --close-margin-rtl: 0 3px 0 0; --close-size: 14px; --color: rgb(250, 250, 252); --color-checkable: #0000; --color-checked: #18a058; --color-checked-hover: #36ad6a; --color-checked-pressed: #0c7a43; --color-hover-checkable: #0000; --color-pressed-checkable: #0000; --font-size: 14px; --height: 28px; --opacity-disabled: 0.5; --padding: 0 7px; --text-color: rgb(51, 54, 57); --text-color-checkable: rgb(51, 54, 57); --text-color-checked: #FFF; --text-color-hover-checkable: #36ad6a; --text-color-pressed-checkable: #0c7a43;"`;

exports[`n-tag should work with \`type\` prop 2`] = `"--avatar-size-override: calc(28px - 8px); --bezier: cubic-bezier(.4, 0, .2, 1); --border-radius: 2px; --border: 1px solid rgb(224, 224, 230); --close-color: rgba(122, 122, 122, 1); --close-color-hover: rgba(89, 89, 89, 1); --close-color-pressed: rgba(149, 149, 149, 1); --close-margin: 0 0 0 3px; --close-margin-rtl: 0 3px 0 0; --close-size: 14px; --color: rgb(250, 250, 252); --color-checkable: #0000; --color-checked: #18a058; --color-checked-hover: #36ad6a; --color-checked-pressed: #0c7a43; --color-hover-checkable: #0000; --color-pressed-checkable: #0000; --font-size: 14px; --height: 28px; --opacity-disabled: 0.5; --padding: 0 7px; --text-color: rgb(51, 54, 57); --text-color-checkable: rgb(51, 54, 57); --text-color-checked: #FFF; --text-color-hover-checkable: #36ad6a; --text-color-pressed-checkable: #0c7a43;"`;

exports[`n-tag should work with \`type\` prop 3`] = `"--avatar-size-override: calc(28px - 8px); --bezier: cubic-bezier(.4, 0, .2, 1); --border-radius: 2px; --border: 1px solid rgb(224, 224, 230); --close-color: rgba(122, 122, 122, 1); --close-color-hover: rgba(89, 89, 89, 1); --close-color-pressed: rgba(149, 149, 149, 1); --close-margin: 0 0 0 3px; --close-margin-rtl: 0 3px 0 0; --close-size: 14px; --color: rgb(250, 250, 252); --color-checkable: #0000; --color-checked: #18a058; --color-checked-hover: #36ad6a; --color-checked-pressed: #0c7a43; --color-hover-checkable: #0000; --color-pressed-checkable: #0000; --font-size: 14px; --height: 28px; --opacity-disabled: 0.5; --padding: 0 7px; --text-color: rgb(51, 54, 57); --text-color-checkable: rgb(51, 54, 57); --text-color-checked: #FFF; --text-color-hover-checkable: #36ad6a; --text-color-pressed-checkable: #0c7a43;"`;

exports[`n-tag should work with \`type\` prop 4`] = `"--avatar-size-override: calc(28px - 8px); --bezier: cubic-bezier(.4, 0, .2, 1); --border-radius: 2px; --border: 1px solid rgb(224, 224, 230); --close-color: rgba(122, 122, 122, 1); --close-color-hover: rgba(89, 89, 89, 1); --close-color-pressed: rgba(149, 149, 149, 1); --close-margin: 0 0 0 3px; --close-margin-rtl: 0 3px 0 0; --close-size: 14px; --color: rgb(250, 250, 252); --color-checkable: #0000; --color-checked: #18a058; --color-checked-hover: #36ad6a; --color-checked-pressed: #0c7a43; --color-hover-checkable: #0000; --color-pressed-checkable: #0000; --font-size: 14px; --height: 28px; --opacity-disabled: 0.5; --padding: 0 7px; --text-color: rgb(51, 54, 57); --text-color-checkable: rgb(51, 54, 57); --text-color-checked: #FFF; --text-color-hover-checkable: #36ad6a; --text-color-pressed-checkable: #0c7a43;"`;

exports[`n-tag should work with \`type\` prop 5`] = `"--avatar-size-override: calc(28px - 8px); --bezier: cubic-bezier(.4, 0, .2, 1); --border-radius: 2px; --border: 1px solid rgb(224, 224, 230); --close-color: rgba(122, 122, 122, 1); --close-color-hover: rgba(89, 89, 89, 1); --close-color-pressed: rgba(149, 149, 149, 1); --close-margin: 0 0 0 3px; --close-margin-rtl: 0 3px 0 0; --close-size: 14px; --color: rgb(250, 250, 252); --color-checkable: #0000; --color-checked: #18a058; --color-checked-hover: #36ad6a; --color-checked-pressed: #0c7a43; --color-hover-checkable: #0000; --color-pressed-checkable: #0000; --font-size: 14px; --height: 28px; --opacity-disabled: 0.5; --padding: 0 7px; --text-color: rgb(51, 54, 57); --text-color-checkable: rgb(51, 54, 57); --text-color-checked: #FFF; --text-color-hover-checkable: #36ad6a; --text-color-pressed-checkable: #0c7a43;"`;

exports[`n-tag should work with default slot 1`] = `"<span class=\\"n-tag__content\\">default</span>"`;
