// Jest Snapshot v1, https://goo.gl/fbAQLP

exports[`n-card should work with \`size\` prop 1`] = `"--bezier: cubic-bezier(.4, 0, .2, 1); --border-radius: 3px; --color: #fff; --color-modal: #fff; --color-popover: #fff; --color-target: #18a058; --text-color: rgb(51, 54, 57); --line-height: 1.6; --action-color: rgb(250, 250, 252); --title-text-color: rgb(31, 34, 37); --title-font-weight: 500; --close-color: rgba(122, 122, 122, 1); --close-color-hover: rgba(89, 89, 89, 1); --close-color-pressed: rgba(149, 149, 149, 1); --border-color: rgb(239, 239, 245); --box-shadow: 0 1px 2px -2px rgba(0, 0, 0, .08), 0 3px 6px 0 rgba(0, 0, 0, .06), 0 5px 12px 4px rgba(0, 0, 0, .04); --padding-top: 12px; --padding-bottom: 12px; --padding-left: 16px; --font-size: 14px; --title-font-size: 16px; --close-size: 18px;"`;
